# Published simultaneously: multiple parts
Where to stay, eat, party and watch matches free in Germany's 12 host cities.
AIRCRAFT noise has been among the most local of issues: the din from above can vary sharply from one ZIP code to the next.

# Column
Stepping Out.
It is time again to ask 20 questions about advertising, marketing, the media and popular culture.
Shedding Light.

# Letter
Readers sound off on the latest headlines.

# Editors' Note
Fire prevention authorities recommend that smoke alarm batteries be changed twice yearly, at the start and the end of daylight saving time. The time change occurred this morning.

# Question
New York Times editors answer readers' travel-related questions.
Readers' travel-related questions are answered by travel editors.
New York Times editors answer readers travel-related questions.
Travel editors answer readers' travel-related questions.
Travel editors answer readers travel-related questions.
Times editors answer readers' travel-related questions.
New York Times Travel editors answer readers' travel-related questions.

# List
The Department of Defense has confirmed the deaths of the following Americans in Iraq:.
The Department of Defense has confirmed the death of the following American in Iraq:.
The Department of Defense has confirmed the deaths of the following Americans in the Iraq theater of operations:.
Following is a list of Americans whose deaths in the Iraq war were confirmed yesterday by the Department of Defense:.
A selective list of where to find the architects, designers and products in this issue.

# Text
Following is the text of a statement released by the Federal Reserve yesterday after the Fed’s monetary policy panel, the Federal Open Market Committee, decided to leave interest rates unchanged.
Following is the text of a statement released by the Federal Reserve yesterday after the Federal Open Market Committee, the Fed's monetary policy panel, decided to leave interest rates unchanged:.
Following is the text of a statement released by the Federal Reserve yesterday after the Fed's monetary policy panel, the Federal Open Market Committee, decided to leave interest rates unchanged:.

# Schedule
The following equity and convertible debt offerings are expected this week:.
A selective listing of new or noteworthy cabaret shows in Manhattan this weekend. * denotes a highly recommended show.
A selective listing by critics of The Times of noteworthy pop and jazz concerts in the New York metropolitan region this weekend. * denotes a highly recommended concert.
A selective listing by critics of The Times of new or noteworthy movies playing in New York City.
The Treasury's schedule of financing this week includes today's regular weekly auction of new three- and six-month bills and an auction of four-week bills tomorrow.
A selective listing by critics of The Times of new or noteworthy art, design and photography exhibitions at New York museums and art galleries this weekend. Addresses, unless otherwise noted, are in Manhattan. Mostgalleries are closed on Sundays and Mondays, but hours vary and should be checked by telephone. Gallery admission is free. * denotes a highly recommended show.
A selective listing by critics of The Times of new or noteworthy art, design and photography exhibitions at New York museums and art galleries this weekend. Addresses, unless otherwise noted, are in Manhattan. Most galleries are closed on Sundays and Mondays, but hours vary and should be checked by telephone. Gallery admission is free. * denotes a highly recommended show.
A selective listing by critics of The Times: New or noteworthy Broadway and Off Broadway shows this weekend.
A selective listing by Times critics of new or noteworthy Broadway and Off Broadway shows this weekend.
A selective listing by critics of The Times of new or noteworthy Broadway and Off Broadway shows this weekend.
The following equity offerings are expected this week:.
A selective listing by critics of The Times of new or noteworthy Broadway and Off Broadway shows this weekend. Approximate running times are in parentheses. * denotes a highly recommended show.  means discounted tickets were at the Theater Development Fund's TKTS booth for performances last Friday and Saturday nights.
The Treasury’s schedule of financing this week included today’s regular weekly auction of new three- and six-month bills and an auction of four-week bills tomorrow.
The Treasury's schedule of financing this week included today's regular weekly auction of new three- and six-month bills and an auction of four-week bills tomorrow.
The following equity and convertible debt offerings are expected this week.
The Treasury’s schedule of financing this week includes today’s regular weekly auction of new three- and six-month bills and an auction of four-week bills tomorrow.
A selective listing by critics of The Times of new or noteworthy Broadway and Off Broadway shows this weekend. Approximate running times are in parentheses. * denotes a highly recommended show.  means discountedtickets were at the Theater Development Fund's TKTS booth for performances last Friday and Saturday nights.
The Treasury's schedule of financing this week included today's regular weekly auction of new three- and six-month bills and a four-week bill on Tuesday.
From Broadway and Off Broadway to concert halls and jazz clubs, New York City's stages are returning to normal schedules. Here is a sampling of performances.
The Treasurys schedule of financing this week includes todays regular weekly auction of new three- and six-month bills and an auction of four-week bills tomorrow.
A selective listing by critics of The Times of new or noteworthy art, design and photography exhibitions at New York museums and art galleries this weekend. At many museums children under 12 and museum members areadmitted free. Addresses, unless otherwise noted, are in Manhattan. Most galleries are closed on Sundays and Mondays, but hours vary and should be checked by telephone. Gallery admission is free. * denotes a highly recommended show.
From Broadway and Off Broadway to concert halls and jazz clubs, New York City's stages are returning to normal schedules.
A selective listing by critics of The Times of new or noteworthy Broadway and Off Broadway shows this weekend. Approximate running times are in parentheses. * denotes a highly recommended show.  means discounted tickets were available at the Theater Development Fund's TKTS booth for performances last Friday and Saturday nights.
The Treasury's schedule of financing this week includes today's regular weekly auction of new three- and six-month bills and a four-week bill being auctioned tomorrow.
The Treasury's schedule of financing this week includes today's regular weekly auction of new three- and six-month bills and a four-week bill tomorrow.
A selective listing by critics of The Times of new or noteworthy Broadway and Off Broadway shows this weekend. Approximate running times are in parentheses. * denotes a highly recommended show.  means discountedtickets were at the Theater Development Fund's TKTS booth for performances last Friday and Saturday nights. Broadway.
Dates are subject to change.
A selective listing by critics of The Times of new or noteworthy Broadway and Off Broadway shows this weekend. Approximate running times are in parentheses. * denotes a highly recommended show.  means discountedtickets were available at the Theater Development Fund's TKTS booth for performances last Friday and Saturday nights.  means discounted tickets were available at the TKTS booth for last Friday night only.  means discounted tickets were available at the TKTS booth for performances last Saturday night only.
A selective listing by critics of The Times of new or noteworthy Broadway and Off Broadway shows this weekend. Approximate running times are in parentheses. * denotes a highly recommended show.  means discounted tickets were available at the Theater Development Fund's TKTS booth for performances last Friday and Saturday nights.  means discounted tickets were available at the TKTS booth for last Friday night only.
The Treasury's schedule of financing this week includes today's regular weekly auction of new three- and six-month bills and a four-week bill on Tuesday.
These equity and convertible debt offerings are expected this week:.
A selective listing by critics of The Times of new or noteworthy art, design and photography exhibitions at New York museums and art galleries this weekend. At many museums, children under 12 and museum members areadmitted free. Addresses, unless otherwise noted, are in Manhattan. Most galleries are closed on Sundays and Mondays, but hours vary and should be checked by telephone. Gallery admission is free. * denotes a highly recommended show.
All times are Eastern Daylight.
The Treasury's schedule of financing this week is confined to today's regular weekly auction of new three- and six-month bills and a four-week bill on Tuesday.
A selective listing by critics of The Times: New or noteworthy pop and jazz concerts in the New York metropolitan region this weekend. * denotes a highly recommended concert.
Christmas is legally observed.
A selective listing by critics of The Times of new or noteworthy Broadway and Off Broadway shows this weekend. Approximate running times are in parentheses. * denotes a highly recommended show.  means discountedtickets were at the Theater Development Fund's TKTS booth for performances last Friday and Saturday nights.  means discounted tickets were available at the TKTS booth for performances last Saturday night only.
A selective listing by critics of The Times: New or noteworthy Broadway and Off Broadway shows this weekend. Approximate running times are in parentheses. * denotes a highly recommended show.
A selective listing by critics of The Times of new or noteworthy Broadway and Off Broadway shows this weekend. Approximate running times are in parentheses. * denotes a highly recommended show.  means discountedtickets were available at the Theater Development Fund's TKTS booth for performances last Friday and Saturday nights. Broadway.

# Diaries -- not repeated but clearly bad
DIARY Prices Are Rising For Second Homes.
DIARY Seeing Opportunity After the Shock.
DIARYA Way to Catch Up On Retirement Savings  You may not feel so nifty at 50, and beyond, if you have not been making regular contributions to a retirement savings plan. There may still be time to build up the account, even though retirement is just a few years away.
DIARY Enron's Early Glow Blinded the Experts Investors, analysts, regulators and even some journalists may feel like they were hoodwinked by the executives who built Enron and then oversaw its collapse, but they were hardly alone.
DIARYIt Was a Dark And Stormy Market.
DIARY Fixing Up a Fixer-Upper Is Increasingly Costly.
DIARY Politics Is in Vogue On the Corporate Circuit.
DIARY If They Can't Get Jobs, There's Summer Stock.
DIARY No Claim Is Too Small In a Huge Bankruptcy.
DIARY The Work Force Is There. It Just Needs a Company.
DIARY A One-Time Adjustment For Changing Tastes  Young consumers can be a fickle bunch, and few may know that better than the Sharper Image Corporation.
DIARY If the Bicycle Doesn't Fit, They'll Ride It Anyhow.
DIARY Pharmaceutical Research Is Focusing on the Elderly.
DIARY A Time to Look Ahead For Tax Advantages With the deadline approaching for filing income tax returns, many taxpayers are still looking over last year's records for tax breaks in 2002. But they can also plan theirpersonal finances to gain tax benefits for future years. Bernard S. Kent, personal financial services partner for PricewaterhouseCoopers in Detroit, offered some suggestions.
DIARY United Move May Soothe Worried Frequent Fliers.
DIARY Oh, Please Buy Me That Gel Roller Pen.
DIARY Soup to Peanut Butter, It Was an Innovative Year  For many companies, 2001 was a dismal year for profits, but not for innovative products. The makers of packaged goods churned out a record number of new products during the year  some more useful than others.
DIARY A Proposal to Reduce Estate-Tax Paperwork.
DIARY An Italian Pen Designed With da Vinci in Mind.
DIARY All Those Commercials Pay Off for Drug Makers.
DIARYWhen Days Off Are Anything But  Are you relaxing this long Labor Day weekend? If not, you are certainly not alone.
DIARY Fighting a Price War By Cutting Prices? Never.
DIARY The Internet Widens The Butcher's Reach The Internet has not yet proved very popular for general grocery shopping, but many consumers are using the Web for specialized food purchases  includingrestaurant-quality meats.
DIARY More Venture Capital Is Returned Than Raised.
DIARY Can `Reality TV' Be Translated to Greek?.
DIARY A Kimono Shop Folds For Lack of Fabric When Koji Wada shuttered his textile company, Kasuri Dyeworks, in Berkeley, Calif., this month, it wasn't for lack of business. The shop, he said, had its most successfulyear ever last year.
DIARY A New Way to Bring Plastic to the People.
DIARYThe Kitchen Sink? No, But It Has a Cooler.

# Summaries with HTML artifacts -- not repeated but clearly bad
The oil-spot em style=“i” cause célèbre .
Aromatic, spicy whites made from the torrontés grape are best sellers in location code-source="nyt-geo" location-code="top/features/travel/destinations/centralandsouthamerica/argentina/" alt-code idsrc="nyt-geo" value="Argentina"/ Argentina.
The idiom of todays alienated (or anyway, hipster) youth isnt art or music or literature. Its turning an idea you have  or maybe your em style=i self  into a product.
org idsrc="other-OTC" value="FLWR" alt-code idsrc="other-OTC" value="Celebrity Incorporated"/ Celebrity magazines have always concerned themselves with weight gain and other lapses in the appearance of the rich and famous.
The em style=“I” other “Marley & Me&#8221;; Mel Brooks’s son has a hit novel about a zombie war.
The Nets, who trail the best-of-seven series, 2-1, entering Game 4 today ( a href="http://www.sportsnetwork.com/merge/tsnform.aspx?c=nytimes&page=nba/scores/live/scoreboard.aspx?date=&#034; in progress ), must figure out Miami's Dwyane Wade if they are to get back in the series.
Song, the new low-fare service  org idsrc="NYSE" value="DAL" alt-code idsrc="NYSE" value="Delta Air Lines Incorporated"/ Delta Air Lines rolled out in April, is also trying to capture a youthful market by selling style as much as service.
In Darfur, the stalemate drags on; the slaughter continues  but here's what we em style="i" can do.
font size="-1" (October 21, 2001) Even though Hayden Christensen beat out 400 actors for the role of Anakin in the next two episodes of "Star Wars," his models are not the Heath Ledger-Ryan Phillipe pretty boys.
Men in hosiery, high-flying flippitydos  is the Mexican import span lang="es" style="font-style: italic;" lucha libre sport, spectacle, performance art or all of the above?
Luxury camping has proved to be an oxymoron. Until now. Also the latest on a href="http://travel2.nytimes.com/2005/03/20/travel/tmagazine/20TROSS.html" what to pack... a href="http://travel2.nytimes.com/2005/03/20/travel/tmagazine/20TDES.html" designing disaster in Orlando... a href="http://travel2.nytimes.com/2005/03/20/travel/20TCANADA.html" Canadian rock music.
A team of forensic scientists from location code-source="nyt-geo" location-code="top/features/travel/destinations/europe/switzerland/" alt-code idsrc="nyt-geo" value="Switzerland"/ Switzerland is trying to make the autopsy a little more aesthetically pleasing.
font size="-1" (May 10, 2002) "Star Wars: Episode II  Attack of the Clones" is not really much of a movie at all, if by movie you mean a work of visual storytelling about the dramatic actions of a group of interesting characters.
At the Puerta America in Madrid, every floor has been designed by a different name-brand architect. Also: a href="http://travel2.nytimes.com/2005/05/15/travel/tmagazine/15T-MAGIC.html" the Magic Castle in Hollywood and a href="http://travel2.nytimes.com/2005/05/15/travel/tmagazine/15T-INDIA.html" Calcutta's cafe culture.
Want a free e-mail account at org idsrc="NASDAQ" value="YHOO" alt-code idsrc="NASDAQ" value="Yahoo! Incorporated"/ Yahoo? First you have to prove that you are human.
It wasn't all that shocking when org idsrc="NYSE" value="NKE" alt-code idsrc="NYSE" value="Nike Incorporated"/ Nike launched a blog this June.
em style="b" Smart Money came up with seven companies "investors now can pick up on the cheap."
font size="-1" (June 24, 2001) Filming Stanley Kubrick's "A.I.," Stephen Spielberg welds the benevolent science fiction of his past with darker, emotional currents of his later, adult films.
The protagonists of the N.B.A. finals, which have come down to Game 7 ( a href="http://sportsnetwork.com/merge/tsnform.aspx?c=nytimes&page=nba/scores/live/scoreboard.aspx?date=&#034; in progress, ABC), are Detroit's Rasheed Wallace and San Antonio's Tim Duncan.
font size="-1" (April 28, 2002) Lucasfilm is grateful to its filmmaking followers. But gratitude stops where their home-made homages appear to be a copyright threat.
A look into the suitcase of Italian fashion executive Massimo Suppancig. Also: a href="http://travel2.nytimes.com/2005/03/20/travel/tmagazine/20TSPA.html" the business secret of health spas... a href="http://travel2.nytimes.com/2005/03/20/travel/tmagazine/20TDOGGIE.html" traveling with a dog... a href="http://travel2.nytimes.com/2005/03/20/travel/tmagazine/20TMEN.html" why men cry in planes.
In northeastern location code-source="nyt-geo" location-code="top/features/travel/destinations/europe/italy/" alt-code idsrc="nyt-geo" value="Italy"/ Italy, Masi Agricola has long specialized in amarone, a complex red made partly from dried grapes.
Hinata looks like every other location code-source="nyt-geo" location-code="top/features/travel/destinations/unitedstates/newyork/longislandwiththehamptons/" alt-code idsrc="nyt-geo" value="Long Island (NY)"/ Long Island Japanese restaurant, but it's an image breaker.
The once candid Senator John McCain is starting to sound downright Clintonian. I did not have drinks with em style=“i” that woman!
While the cultural zenith of fame for Pikachu, Misty, Blastoise and the 248 other Pokémon characters has probably passed, Nintendo org idsrc="other-OTC" value="NTDOY"/ has just released their very own game player.
According to a 2000 org idsrc="NYSE" value="AXP" American Express telephone survey, only 9 percent of consumers wait until the day before or the day of Halloween to do their holiday shopping.
Oklahoma (8-0) should retain its No. 1 spot in the a href="http://www.nytimes.com/aponline/sports/AP-FBC-BCS-Standings.html" Bowl Championship Series ranking.
The real estate market is still booming  overseas. So reports em style="b" Worth, which gives three reasons Americans are increasingly making investments outside the United States.
Otto, 'inoteca and al di la, all leading Italian restaurants in location code-source="nyt-geo" location-code="top/features/travel/destinations/unitedstates/newyork/" alt-code idsrc="nyt-geo" value="New York City; New York State"/ New York, offer the same dessert -- affogato -- on their menus.
font face="Times New Roman, Times, Serif" color="#000000" size="-1" By VINCENT CANBYBob Hope's mastery of the comic monologue and the topical wisecrack carried him from vaudeville toworldwide fame as a star of the first magnitude.
font size="-1" (June 29, 2001) Steven Spielberg's "A.I." is the best fairy tale  the most disturbing, complex and intellectually challenging boy's adventure story  the director has made.
George Balanchine would have been 100 years old on Thursday, and a packed house was on hand that night to sing object.title class="Movie" idsrc="nyt_ttl" value="137094;293748;269006;176700" alt-code idsrc="nyt_ttl" value="Happy Birthday"/ "Happy Birthday" /object.title and celebrate with a vodka toast and a cascade of balloons in the New York State Theater.
Boqueria brings tastes of Spain to New York, the E.U. sets to reopen this September em style=i with a liquor license, and Almond Flower Bistro takes root in Cobble Hill.
Next year, Masa Takayama will close Ginza Sushi-Ko, his restaurant in Beverly Hills, and move it to the AOL- org idsrc="NYSE" value="AOL" Time Warner Center in New York.
org idsrc="NYSE" value="SGP" alt-code idsrc="NYSE" value="Schering Plough Corporation"/ Schering-Plough, plagued by various legal and product problems, reported its fourth consecutive quarterly loss.
One of the biggest environmental challenges in the world today is how to turn "Red China" into "Green China"  not just at home, em style="" but abroad .
Mercadito, which opened in the East Village in September, takes you to a hacienda in location code-source="nyt-geo" location-code="top/features/travel/destinations/mexico/" alt-code idsrc="nyt-geo" value="Mexico"/ Mexico.
One hit of this years Tokyo Motor Show -- the traditional showcase for the unbridled ids of Japanese auto designers -- was the org idsrc="NYSE" value="TM" alt-code idsrc="NYSE" value="Toyota Motor Corporation"/ Toyota Personal Mobility device, or P.M.

# Summaries with book titles -- not repeated but clearly bad
THE BITTER END: Hanging Out at America's Nightclub By Paul Colby with Martin Fitzpatrick Cooper Square Press ($26.95, hardcover).
BEYOND THE LINES: Pictorial Reporting, Everyday Life and the Crisis Of Gilded Age America By Joshua Brown University of California Press ($49.95, hardcover) During the early 1880's, pictorial coverage swerved toChinese settlement in New York City (in Leslie's view a result of their persecution in the West). More discomfiting proximity prompted more negative portrayals, featuring cluttered gambling rooms and murky opium dens (housing addicted white working women). Although these cuts trafficked in the sort of sexual and criminal narratives favored by advocates of exclusion, the vast majority of Leslie's engravings celebrated the addition of new institutions and events to New York life.
NEW YORK'S 50 BEST PLACES TO FIND PEACE AND QUIET By Allan Ishac City & Company ($12.95, paperback) Jacques Marchais Center of Tibetan Art Address: 338 Lighthouse Avenue, Staten Island Phone: (718) 987-3500 Hours: Wednesday through Sunday, 1 to 5 P.M. Admission: $5 adults, $3 seniors and students, $2 children under 12 Bus: From Staten Island Ferry, take S74 to Lighthouse Ave., then 10- minute walk up hill (allow 90 minutes total from Manhattan) Auto: Call for directions Web Site: www.tibetanmuseum.com.
TEPPER ISN'T GOING OUT By Calvin Trillin Random House ($22.95, hardcover).
YOU CANNOT BE SERIOUS By John McEnroe With James Kaplan Putnam ($25.95, hardcover).
SAVVY IN THE CITY: New York A `See Jane Go' Guide to City Living By Jayne Young and Sheridan Becker St. Martin's Griffin ($15.95, paperback).
YANKEES CENTURY: 100 Years Of New York Yankees Baseball Text by Glenn Stout Photographs edited by Richard A. Johnson Houghton Mifflin ($35, hardcover).
