# Bad metadata
No Headline

# # Coincidence
# The State of Iraq: An Update
# Metro Briefing | New York: Brooklyn: Man Fatally Shot
# Left Behind
# The War at Home
# Homeland Insecurity
# There Goes the Neighborhood
# High Anxiety
# Home Alone
# Up in Smoke
# The State of Iraq: an Update
# Notes From Underground
# Breaking Away
# Get a Job
# The Dispossessed
# Crossing Over
# Fight Club
# The Odd Couple
# Unfinished Business
# A Mighty Wind
# On the Road Again
# Collateral Damage
# Cold Comfort
# Mind the Gap
# Fantasy Island
# A Death in the Family
# The Wrong War
# Meet the New Boss
# War Without End
# Occupational Hazard
# Blowup
# All the Right Moves
# Bringing It All Back Home
# The Enemy Within
# Follow the Money
# Latin Lovers
# House Proud
# Wild Things
# Unnatural Selection
# French Twist
# Hiding in Plain Sight
# To Catch a Thief
# The Music Man
# Who's Your Daddy?
# Free Ranging
# Fighting Words
# Show Us the Money
# Laugh Lines
# Star Search
# Spin City
# Village People
# Black and Blue
# Running on Empty
# The Wrong Target
# Blowing Smoke
# The Party's Over
# War of the Worlds
# Street News
# The Great Escape
# Goodbye to All That
# The Parent Trap
# Occupational Hazards
# Don't Look Down
# Nobody's Perfect
# They'll Take Manhattan
# Back to the Drawing Board
# Other People's Money
# Help Wanted
# Upstairs, Downstairs
# Money Changes Everything
# Lost in Translation
# Message in a Bottle
# Stranger Than Fiction
# Before the Flood
# Machine Dreams
# Forever Young
# The China Syndrome
# War of Words
# Promises, Promises
# Daddy Dearest
# What's Love Got to Do With It?
# Basic Instinct
# Pacific Overtures
# Men Behaving Badly
# Clueless
# The White Stuff
# Trading Places
# Coming Home
# Survivor
# On the Borderline
# Out of Africa

# Editorial series
New York's Olympic Bid
Topics of The Times
Energy Shortage
The Missing Energy Strategy
A Primary Endorsement

# Published simultaneously: multiple parts
Eight to Watch, Onstage And Off
From the Ground, Tracking the Noise
Trying to Regain Equilibrium in a World Turned Upside Down
In Search of the Best Break, Defense, Vintage, Bet and Exit
Hope and Housing
Prom Night in the 80's? It Was, Like, So Totally Rad
Exploring a Range of Motions
Self-Help, Sorrow and the Anguish of the Usual
For a Woman Scorned, The End Is the Beginning
Those Bludgeoning Wits of Yesteryear, Freud's Road Not Taken and a Little Taste of Hell
TAKE A LEFT AT LAPLAND; A TREK TO SANTA'S OUTPOST
Power to the Principals
One Role, 8 Actresses and the Worst of All Possible Worlds

# Editors' Note
Editors' Note
Safety Note
Editors' Note; Editors' Note
Editor's Note
Editors' Note; Safety Note

# Interview
What They Were Thinking

# Correction
Corrections
Correction
CORRECTION

# List
Names of the Dead
Killed in Iraq
Residential Sales
Dead in Iraq
Primary Choices
Resources

# Question
Q & A
F.Y.I.
GARDEN Q.& A.
REALLY?
ROOM TO IMPROVE
F. Y. I.
GARDEN Q.&A.
GARDEN Q. & A.
Q&A
Q and A
FOOD CHAIN
Garden Q.&A.
Garden Q.& A.
Sunday Q & A
Really?
GARDEN Q & A
Q. & A.

# Review
DINER'S JOURNAL
TBR: Inside the List
Diner's Journal
CRIME
CHILDREN'S BOOKS
Up Front
Children's Books
BOOKS IN BRIEF: NONFICTION
UP FRONT
Critic's Choice: New CD's
SCIENCE FICTION
TBR: INSIDE THE LIST
Crime
Critic's Choice: New DVDs
Theater in Review
Bookshelf
Science Fiction
TRAVEL
COOKING
Album of the Week
CHILDREN'S BOOKS: BOOKSHELF
BOOKS IN BRIEF: FICTION & POETRY
Stories About Storytellers, Soldiers, Actors and Others
GARDENING
Travel
Tales Out of School
CHILDREN'S BOOKS IN BRIEF
BOOKS IN BRIEF: FICTION
Children's Books / Young Adult

# Schedule
THEATER GUIDE
WHAT'S ON TONIGHT
POP AND JAZZ GUIDE
CABARET GUIDE
ART GUIDE
BENEFITS
Treasury Bills Set For This Week
MOVIE GUIDE
LOOKING AHEAD
Stock Offerings This Week
Parking Rules
Treasury Bills Scheduled for This Week
Equity Offerings for Week
THE GUIDE
What's Doing Around Town
WHAT'S ON SUNDAY NIGHT
Treasury Bill Auctions Set for This Week
What's On Tonight
SPARE TIMES
Week's Equity Offerings
CALENDAR
Debt Offerings Scheduled for This Week
What's on Monday Night
Credit Offerings Planned This Week
Holiday on Monday
Equity Offerings Planned This Week
Bond Sale Schedule For Coming Week
Stock Offerings Planned
Bond Sale Schedule For the Week Ahead
Treasury Auctions Set for This Week
Cabaret Guide
Stock Offerings for Week
Traffic Alert
Lincoln's Birthday
Holiday Tomorrow
Equity Offerings Set for This Week
TONIGHT'S TV LISTINGS: What's on Thursday Night
Bond Sales Coming During the Week
Treasury Bills Set for Auction This Week
Stock Offering This Week
Sale of Shares Is Scheduled
What's on Saturday Night
Equity Offerings Scheduled for Week
TONIGHT'S TV LISTINGS: What's on Wednesday Night
Equity Offerings Planned
Credit Offerings During the Week

# Column
BOLDFACE NAMES
OBSERVATORY
MEMO PAD
FOLLOWING UP
BOLDFACE
OFF THE MENU
Arts, Briefly
INSIDE ART
Front Row
ON STAGE AND OFF
Inside Art
AT THE MOVIES
Critic's Choice: New DVD's
Footlights
Antiques
FAMILY FARE
METROPOLITAN DIARY
Family Fare
ONLINE DIARY
Deals and Discounts
Political Points
IRAQ UPDATE
Metropolitan Diary
ANTIQUES
Quick Escapes
The Week Ahead
ARMCHAIR TRAVELER
BREAKING GROUND
On the Cover
Nine to Watch, Onstage and Off
New DVD's
FRONT LINES
Vision
The Arsenal
NEWLY RELEASED
The Quest
Itineraries; MEMO PAD
QUICK ESCAPES
Newly Released
This Week
The Talk
READING FILE
Boldface Names
FOOTLIGHTS
FREE RANGING
FRONT ROW
THE POP LIFE
BASEBALL
Ancient Lands Rush to the New
New York and Los Angeles
The Way We Were
TAKING THE CHILDREN
The Grand Detour: Off-Ramp Dining
The Things They Wrote
New York And Boston
THE ARSENAL
New York And London
Observatory
In Their Own Words
BUSINESS BRIEFS
Ideas & Trends; READING FILE
Special Issue: Where We Live - Through The Roof
Off the Menu
Text of the Fed's Statement on Interest Rates
Comings and Goings
CRITIC'S CHOICE: NEW DVD'S
THE CHURN
Travel Advisory; Deals and Discounts
GLOSSARY

# Travel
Philadelphia
New York
Chicago
San Francisco
New Orleans
Buenos Aires
San Diego
Toronto
Montreal
Mexico City
Houston
Cape Town
Rome
Los Angeles
Boston
Milan
Santa Fe
Honolulu
Seattle
Istanbul
Sydney
Tokyo
London
Austin
