# # Segmentation error
# Msgr.
# Prof.
# Pfc.
1.
I.

# # Common openers
# He's back.
# Let's see.
# TIMING is everything.
# What's in a name?
# WHAT'S in a name?
# WHAT WAS IT?
# It's official.
# FIRST things first.
# It was bound to happen.

# Review
Opens today in Manhattan.
Opens today nationwide.
Opens today in New York and Los Angeles.
COLLECTED STORIES
IN THE SHADOW
CONFESSIONS OF
COLLECTED POEMS

# Letter
To the Editor:
To the Sports Editor:

# Schedule
The following equity and convertible debt offerings are expected this week:
A selective listing by critics of The Times of new or noteworthy Broadway and Off Broadway shows this weekend.
A selective listing of new or noteworthy cabaret shows in Manhattan this weekend. * denotes a highly recommended show.
A selective listing by critics of The Times of noteworthy pop and jazz concerts in the New York metropolitan region this weekend. * denotes a highly recommended concert.
A selective listing by critics of The Times of new or noteworthy art, design and photography exhibitions at New York museums and art galleries this weekend.
The Treasury's schedule of financing this week includes today's regular weekly auction of new three- and six-month bills and an auction of four-week bills tomorrow.
A selective listing by critics of The Times of new or noteworthy movies playing this weekend in New York City. * denotes a highly recommended film.
The Treasury's schedule of financing this week included today's regular weekly auction of new three- and six-month bills and an auction of four-week bills tomorrow.
A selective listing by critics of The Times: New or noteworthy Broadway and Off Broadway shows this weekend.
A selective listing by Times critics of new or noteworthy Broadway and Off Broadway shows this weekend.
The following equity offerings are expected this week:
From Broadway and Off Broadway to concert halls and jazz clubs, New York City's stages are returning to normal schedules.
Dates are subject to change.
NEW YORK
The Treasury's schedule of financing this week included today's regular weekly auction of new three- and six-month bills and a four-week bill on Tuesday.
These equity and convertible debt offerings are expected this week:
The Treasury's schedule of financing this week includes today's regular weekly auction of new three-  and six-month bills and a four-week bill being auctioned tomorrow.
All times are Eastern Daylight
A selective listing by critics of The Times: New or noteworthy pop and jazz concerts in the New York metropolitan region this weekend. * denotes a highly recommended concert.
The following equity and convertible debt offerings are expected this week:.
This week's schedule of Treasury auctions includes the sale of new three- and six-month bills today and a four-week bill tomorrow.
The Treasury's schedule of financing this week includes the regular weekly auction of new three-  and six-month bills today and a four-week bill tomorrow.
The Treasury's schedule of financing this week includes today's regular weekly auction of new three-  and six-month bills and a four-week bill on Tuesday.
Christmas is legally observed.
EVENTS
A sampling of holiday celebrations, including walking tours, readings, dance and drama events, in New York City.
Fire prevention authorities recommend that smoke alarm batteries be changed twice yearly, at the start and the end of daylight time.

# List:
In the following reports, the ''listed at'' price is the asking price when negotiations began that ended in the sale.
The Department of Defense has confirmed the deaths of the following Americans in Iraq:
The Department of Defense has confirmed the death of the following American in Iraq:
Following is a list of Americans whose deaths in the Iraq war were confirmed yesterday by the Department of Defense:
The Department of Defense has confirmed the deaths of the following Americans in the Iraq theater of operations:
The Department of Defense yesterday confirmed the death of the following American in the Iraq war:
Following is a list of Americans killed in the Iraq war reported yesterday by the Department of Defense:
The Department of Defense has confirmed the deaths of the following Americans while supporting military efforts in the Iraq theater of operations:

# Text
Following is the text of a statement released by the Federal Reserve yesterday after the Fed's monetary policy panel, the Federal Open Market Committee, decided to leave interest rates unchanged:
Following is the text of a statement released by the Federal Reserve yesterday after the Fed's monetary policy panel, the Federal Open Market Committee, decided to leave interest rates unchanged.
Following are excerpts from the Senate Judiciary Committee's confirmation hearing yesterday for Judge Samuel A. Alito Jr., President Bush's nominee for the Supreme Court.
Following are excerpts from the House debate yesterday on the use of force against Iraq, as recorded by The New York Times.
Following is the text of a statement released by the Federal Reserve yesterday after the Federal Open Market Committee, the Fed's monetary policy panel, decided to leave interest rates unchanged:
Following is a transcript of President Bush's State of the Union address, as recorded by The New York Times:

# Published simultaneously: Multiple parts
President Bush says the Iraq Study Group report ''did a good job of showing what is possible.''
With chaos threatening to engulf Lebanon, the need to resolve the conflict in the Middle East has rarely seemed so urgent.
It has become grimly commonplace.
Tonight, at the Democratic National Convention in Boston, John Kerry will step onto the podium and accept his party's nomination for president.
Money flowed plentifully after the attack of Sept. 11, but a quieter kind of charity was going on as well: in-kind giving.
And now, people must all carry on with jobs that will never be quite the same.
The echoes of Sept. 11, 2001, clatter through American life with continuing, tangible effect.
On Tuesday the Supreme Court will hear arguments in two cases challenging the University of Michigan's admissions policies, which award minority applicants extra points.
EVER wonder how well off the neighbors are?
Ever wonder how well off the neighbors are?
The contributors on this page are Iraqi writers and English translators, two of whom worked for the American military.
Three voices.
AIRCRAFT noise has been among the most local of issues: the din from above can vary sharply from one ZIP code to the next.
THERE was a time, at least in the misty land of memory, when there was a clear line of demarcation between the last day of school and the first day of summer vacation.
When the Al Gore documentary ''An Inconvenient Truth'' received an Academy Award last week, it seemed a pretty sure sign that Hollywood believes that global climate change is taking place.

# Other series: city life, Russia, eating, housing, travel, health & safety, quizzes, resources
DEAR DIARY:
DEAR Diary:
A summary of the top stories in Russian newspapers appears Monday through Friday.
OPENING THIS WEEK
THE BASICS
Why Go Now
Here are glimpses of some of the victims of the Sept. 11 attack on the World Trade Center.
Live well, spend less.
LOOKING AHEAD
Looking ahead
Opening This Week
Fire prevention authorities recommend that smoke alarm batteries be changed twice yearly, at the start and the end of daylight saving time.
JUST about everyone in medicine agrees that a patient who shows up in the emergency room with a heart attack should be given aspirin.
IT is time again to ask 20 questions about advertising, marketing, the media and popular culture.
It is time again to ask 20 questions about advertising, marketing, the media and popular culture.
Sunday Q & A appears in this section weekly.
A selective list of where to find the architects, designers and products in this issue.
Pick-Me-Ups
OPEN NOW
Opening this Week
Washington
WHY GO NOW
